V3 31
FL C:/Users/Alberto/Documents/ISE_projects/PROYECT_SERPIENTE/comparador.vhd 2016/11/01.10:07:13 P.49d
EN work/comparador 1481641931 \
      FL C:/Users/Alberto/Documents/ISE_projects/PROYECT_SERPIENTE/comparador.vhd \
      PB ieee/std_logic_1164 1354696159 PB ieee/NUMERIC_STD 1354696164
AR work/comparador/Behavioral 1481641932 \
      FL C:/Users/Alberto/Documents/ISE_projects/PROYECT_SERPIENTE/comparador.vhd \
      EN work/comparador 1481641931
FL C:/Users/Alberto/Documents/ISE_projects/PROYECT_SERPIENTE/contador_sincrono.vhd 2016/11/01.16:02:09 P.49d
EN work/contador_sincrono 1481641929 \
      FL C:/Users/Alberto/Documents/ISE_projects/PROYECT_SERPIENTE/contador_sincrono.vhd \
      PB ieee/std_logic_1164 1354696159 PB ieee/NUMERIC_STD 1354696164
AR work/contador_sincrono/Behavioral 1481641930 \
      FL C:/Users/Alberto/Documents/ISE_projects/PROYECT_SERPIENTE/contador_sincrono.vhd \
      EN work/contador_sincrono 1481641929
FL C:/Users/Alberto/Documents/ISE_projects/PROYECT_SERPIENTE/dibuja.vhd 2016/12/13.15:38:34 P.49d
EN work/dibuja 1481641935 \
      FL C:/Users/Alberto/Documents/ISE_projects/PROYECT_SERPIENTE/dibuja.vhd \
      PB ieee/std_logic_1164 1354696159 PB ieee/NUMERIC_STD 1354696164
AR work/dibuja/Behavioral 1481641936 \
      FL C:/Users/Alberto/Documents/ISE_projects/PROYECT_SERPIENTE/dibuja.vhd \
      EN work/dibuja 1481641935
FL C:/Users/Alberto/Documents/ISE_projects/PROYECT_SERPIENTE/ipcore_dir/MYROM.vhd 2016/12/13.16:10:42 P.49d
EN work/MYROM 1481641941 \
      FL C:/Users/Alberto/Documents/ISE_projects/PROYECT_SERPIENTE/ipcore_dir/MYROM.vhd \
      PB ieee/std_logic_1164 1354696159
AR work/MYROM/MYROM_a 1481641942 \
      FL C:/Users/Alberto/Documents/ISE_projects/PROYECT_SERPIENTE/ipcore_dir/MYROM.vhd \
      EN work/MYROM 1481641941
FL C:/Users/Alberto/Documents/ISE_projects/PROYECT_SERPIENTE/ipcore_dir/RAM_SNAKE.vhd 2016/12/08.16:59:41 P.49d
EN work/RAM_SNAKE 1481641933 \
      FL C:/Users/Alberto/Documents/ISE_projects/PROYECT_SERPIENTE/ipcore_dir/RAM_SNAKE.vhd \
      PB ieee/std_logic_1164 1354696159
AR work/RAM_SNAKE/RAM_SNAKE_a 1481641934 \
      FL C:/Users/Alberto/Documents/ISE_projects/PROYECT_SERPIENTE/ipcore_dir/RAM_SNAKE.vhd \
      EN work/RAM_SNAKE 1481641933
FL C:/Users/Alberto/Documents/ISE_projects/PROYECT_SERPIENTE/Maquina_Estados.vhd 2016/12/09.14:38:11 P.49d
EN work/Maquina_Estados 1481641939 \
      FL C:/Users/Alberto/Documents/ISE_projects/PROYECT_SERPIENTE/Maquina_Estados.vhd \
      PB ieee/std_logic_1164 1354696159 PB ieee/NUMERIC_STD 1354696164
AR work/Maquina_Estados/Behavioral 1481641940 \
      FL C:/Users/Alberto/Documents/ISE_projects/PROYECT_SERPIENTE/Maquina_Estados.vhd \
      EN work/Maquina_Estados 1481641939
FL C:/Users/Alberto/Documents/ISE_projects/PROYECT_SERPIENTE/TOP_ITO.vhd 2016/12/13.15:30:22 P.49d
EN work/TOP_ITO 1481641943 \
      FL C:/Users/Alberto/Documents/ISE_projects/PROYECT_SERPIENTE/TOP_ITO.vhd \
      PB ieee/std_logic_1164 1354696159
AR work/TOP_ITO/Behavioral 1481641944 \
      FL C:/Users/Alberto/Documents/ISE_projects/PROYECT_SERPIENTE/TOP_ITO.vhd \
      EN work/TOP_ITO 1481641943 CP RAM_SNAKE CP dibuja CP VGA_DRIVER \
      CP Maquina_Estados CP MYROM
FL C:/Users/Alberto/Documents/ISE_projects/PROYECT_SERPIENTE/VGA_DRIVER.vhd 2016/12/03.10:50:50 P.49d
EN work/VGA_DRIVER 1481641937 \
      FL C:/Users/Alberto/Documents/ISE_projects/PROYECT_SERPIENTE/VGA_DRIVER.vhd \
      PB ieee/std_logic_1164 1354696159 PB ieee/NUMERIC_STD 1354696164
AR work/VGA_DRIVER/Behavioral 1481641938 \
      FL C:/Users/Alberto/Documents/ISE_projects/PROYECT_SERPIENTE/VGA_DRIVER.vhd \
      EN work/VGA_DRIVER 1481641937 CP contador_sincrono CP comparador
